KL@KLCOMPA-G5LRJR9 MINGW64 ~
$ cd C:/Users/KL/Desktop/example

KL@KLCOMPA-G5LRJR9 MINGW64 ~/Desktop/example
$ git status
fatal: not a git repository (or any of the parent directories): .git

KL@KLCOMPA-G5LRJR9 MINGW64 ~/Desktop/example
$ git clone https://github.com/Nyashasya/example
Cloning into 'example'...
remote: Enumerating objects: 3, done.
remote: Counting objects: 100% (3/3), done.
remote: Total 3 (delta 0), reused 0 (delta 0), pack-reused 0 (from 0)
Receiving objects: 100% (3/3), done.

KL@KLCOMPA-G5LRJR9 MINGW64 ~/Desktop/example
$ git status
fatal: not a git repository (or any of the parent directories): .git

KL@KLCOMPA-G5LRJR9 MINGW64 ~/Desktop/example
$ cd C:/Users/KL/Desktop/example/example

KL@KLCOMPA-G5LRJR9 MINGW64 ~/Desktop/example/example (main)
$ git status
On branch main
Your branch is up to date with 'origin/main'.

nothing to commit, working tree clean

KL@KLCOMPA-G5LRJR9 MINGW64 ~/Desktop/example/example (main)
$ git add Data.txt

KL@KLCOMPA-G5LRJR9 MINGW64 ~/Desktop/example/example (main)
$ git commit -m 'Added Data.txt'
[main ea3f82b] Added Data.txt
 1 file changed, 1 insertion(+)
 create mode 100644 Data.txt

KL@KLCOMPA-G5LRJR9 MINGW64 ~/Desktop/example/example (main)
$ git statua
git: 'statua' is not a git command. See 'git --help'.

The most similar command is
        status

KL@KLCOMPA-G5LRJR9 MINGW64 ~/Desktop/example/example (main)
$ git status
On branch main
Your branch is ahead of 'origin/main' by 1 commit.
  (use "git push" to publish your local commits)

nothing to commit, working tree clean

KL@KLCOMPA-G5LRJR9 MINGW64 ~/Desktop/example/example (main)
$ git commit -m 'Added Data.txt'
On branch main
Your branch is ahead of 'origin/main' by 1 commit.
  (use "git push" to publish your local commits)

nothing to commit, working tree clean

KL@KLCOMPA-G5LRJR9 MINGW64 ~/Desktop/example/example (main)
$ git status
On branch main
Your branch is ahead of 'origin/main' by 1 commit.
  (use "git push" to publish your local commits)

nothing to commit, working tree clean

KL@KLCOMPA-G5LRJR9 MINGW64 ~/Desktop/example/example (main)
$ git fetch

KL@KLCOMPA-G5LRJR9 MINGW64 ~/Desktop/example/example (main)
$ git push
info: please complete authentication in your browser...
Enumerating objects: 4, done.
Counting objects: 100% (4/4), done.
Delta compression using up to 4 threads
Compressing objects: 100% (2/2), done.
Writing objects: 100% (3/3), 291 bytes | 291.00 KiB/s, done.
Total 3 (delta 0), reused 0 (delta 0), pack-reused 0 (from 0)
To https://github.com/Nyashasya/example
   8f1309f..ea3f82b  main -> main

KL@KLCOMPA-G5LRJR9 MINGW64 ~/Desktop/example/example (main)
$ git fetch

KL@KLCOMPA-G5LRJR9 MINGW64 ~/Desktop/example/example (main)
$ ^C

KL@KLCOMPA-G5LRJR9 MINGW64 ~/Desktop/example/example (main)
$ git add .
warning: in the working copy of 'assets/close.svg', LF will be replaced by CRLF
warning: in the working copy of 'assets/lara-woman.svg', LF will be replaced by
warning: in the working copy of 'assets/olga-woman.svg', LF will be replaced by
warning: in the working copy of 'assets/speaker.svg', LF will be replaced by CRL
warning: in the working copy of 'assets/victor-male.svg', LF will be replaced by

KL@KLCOMPA-G5LRJR9 MINGW64 ~/Desktop/example/example (main)
$ git commit -m 'Add project'
[main 4752f97] Add project
 13 files changed, 1071 insertions(+)
 create mode 100644 .gitignore
 create mode 100644 assets/close.svg
 create mode 100644 assets/keyboard.svg
 create mode 100644 assets/lara-woman.svg
 create mode 100644 assets/olga-woman.svg
 create mode 100644 assets/speaker.svg
 create mode 100644 assets/victor-male.svg
 create mode 100644 assets/word-bank.svg
 create mode 100644 data.js
 create mode 100644 insex.html
 create mode 100644 main.js
 create mode 100644 readme
 create mode 100644 styles.css

KL@KLCOMPA-G5LRJR9 MINGW64 ~/Desktop/example/example (main)
$ git brunch DEVELOP
git: 'brunch' is not a git command. See 'git --help'.

The most similar command is
        branch

KL@KLCOMPA-G5LRJR9 MINGW64 ~/Desktop/example/example (main)
$ git branch develop

KL@KLCOMPA-G5LRJR9 MINGW64 ~/Desktop/example/example (main)
$ git checkout develop
Switched to branch 'develop'

KL@KLCOMPA-G5LRJR9 MINGW64 ~/Desktop/example/example (develop)
$ git diff DAta.txt

KL@KLCOMPA-G5LRJR9 MINGW64 ~/Desktop/example/example (develop)
$ git diff Data.txt

KL@KLCOMPA-G5LRJR9 MINGW64 ~/Desktop/example/example (develop)
$ git diff Data.txt
diff --git a/Data.txt b/Data.txt
index e965047..8f8e705 100644
--- a/Data.txt
+++ b/Data.txt
@@ -1 +1,3 @@
 Hello
+world
+hi
\ No newline at end of file

KL@KLCOMPA-G5LRJR9 MINGW64 ~/Desktop/example/example (develop)
$ git commit -m 'Changed Data.txt'
On branch develop
Changes not staged for commit:
  (use "git add <file>..." to update what will be committed)
  (use "git restore <file>..." to discard changes in working directory)
        modified:   Data.txt

no changes added to commit (use "git add" and/or "git commit -a")

KL@KLCOMPA-G5LRJR9 MINGW64 ~/Desktop/example/example (develop)
$ git add Data.txt

KL@KLCOMPA-G5LRJR9 MINGW64 ~/Desktop/example/example (develop)
$ git commit -m 'Changed Data.txt'
[develop 661f3cc] Changed Data.txt
 1 file changed, 2 insertions(+)

KL@KLCOMPA-G5LRJR9 MINGW64 ~/Desktop/example/example (develop)
$ git checkout main
Switched to branch 'main'
Your branch is ahead of 'origin/main' by 1 commit.
  (use "git push" to publish your local commits)

KL@KLCOMPA-G5LRJR9 MINGW64 ~/Desktop/example/example (main)
$ git merge develop
Updating 4752f97..661f3cc
Fast-forward
 Data.txt | 2 ++
 1 file changed, 2 insertions(+)

KL@KLCOMPA-G5LRJR9 MINGW64 ~/Desktop/example/example (main)
$ git push
Enumerating objects: 21, done.
Counting objects: 100% (21/21), done.
Delta compression using up to 4 threads
Compressing objects: 100% (17/17), done.
Writing objects: 100% (19/19), 19.71 KiB | 2.82 MiB/s, done.
Total 19 (delta 1), reused 0 (delta 0), pack-reused 0 (from 0)
remote: Resolving deltas: 100% (1/1), done.
To https://github.com/Nyashasya/example
   ea3f82b..661f3cc  main -> main

KL@KLCOMPA-G5LRJR9 MINGW64 ~/Desktop/example/example (main)
$ git chekout develop
git: 'chekout' is not a git command. See 'git --help'.

The most similar command is
        checkout

KL@KLCOMPA-G5LRJR9 MINGW64 ~/Desktop/example/example (main)
$ git checkout develop
Switched to branch 'develop'

KL@KLCOMPA-G5LRJR9 MINGW64 ~/Desktop/example/example (develop)
$ git push
fatal: The current branch develop has no upstream branch.
To push the current branch and set the remote as upstream, use

    git push --set-upstream origin develop

To have this happen automatically for branches without a tracking
upstream, see 'push.autoSetupRemote' in 'git help config'.


KL@KLCOMPA-G5LRJR9 MINGW64 ~/Desktop/example/example (develop)
$ git push origin develop
Total 0 (delta 0), reused 0 (delta 0), pack-reused 0 (from 0)
remote:
remote: Create a pull request for 'develop' on GitHub by visiting:
remote:      https://github.com/Nyashasya/example/pull/new/develop
remote:
To https://github.com/Nyashasya/example
 * [new branch]      develop -> develop

KL@KLCOMPA-G5LRJR9 MINGW64 ~/Desktop/example/example (develop)
$ git checkout main
Switched to branch 'main'
Your branch is up to date with 'origin/main'.

KL@KLCOMPA-G5LRJR9 MINGW64 ~/Desktop/example/example (main)
$ git tag v0.1

KL@KLCOMPA-G5LRJR9 MINGW64 ~/Desktop/example/example (main)
$ git tag
v0.1

KL@KLCOMPA-G5LRJR9 MINGW64 ~/Desktop/example/example (main)
$ git commit -m 'Add tag'
On branch main
Your branch is up to date with 'origin/main'.

nothing to commit, working tree clean

KL@KLCOMPA-G5LRJR9 MINGW64 ~/Desktop/example/example (main)
$ git push origin v0.1
Total 0 (delta 0), reused 0 (delta 0), pack-reused 0 (from 0)
To https://github.com/Nyashasya/example
 * [new tag]         v0.1 -> v0.1
